


ARM Macro Assembler    Page 1 


    1 00000000         ; ce programme est pour l'assembleur RealView (Keil)
    2 00000000                 thumb
    3 00000000         
    4 00000000                 area             madata, data, readwrite
    5 00000000         
    6 00000000                 export           DFT
    7 00000000         
    8 00000000                 area             moncode, code, readonly
    9 00000000                 import           TabSin
   10 00000000                 import           TabCos
   11 00000000                 import           res
   12 00000000 00000040 
                       N       equ              64
                       
Command Line: --debug --xref --diag_suppress=9931 --cpu=Cortex-M3 --apcs=interw
ork --depend=.\obj\dft.d -o.\obj\dft.o -I.\RTE\_Simu -IC:\Users\Lenovo\AppData\
Local\Arm\Packs\ARM\CMSIS\5.6.0\CMSIS\Core\Include -IC:\Users\Lenovo\AppData\Lo
cal\Arm\Packs\Keil\STM32F1xx_DFP\2.3.0\Device\Include --predefine="__EVAL SETA 
1" --predefine="__MICROLIB SETA 1" --predefine="__UVISION_VERSION SETA 529" --p
redefine="_RTE_ SETA 1" --predefine="STM32F10X_MD SETA 1" --list=dft.lst dft.s
